<?xml version="1.0"?>
<link_info>
   <banner>TI ARM Linker PC v5.2.2</banner>
   <copyright>Copyright (c) 1996-2015 Texas Instruments Incorporated</copyright>
   <link_time>0x572ceb16</link_time>
   <link_errors>0x0</link_errors>
   <output_file>IoT_sniffer_RTOS.out</output_file>
   <entry_point>
      <name>_c_int00</name>
      <address>0x3401</address>
   </entry_point>
   <input_file_list>
      <input_file id="fl-2">
         <path>.\</path>
         <kind>object</kind>
         <file>Sniffer.obj</file>
         <name>Sniffer.obj</name>
      </input_file>
      <input_file id="fl-3">
         <path>.\</path>
         <kind>object</kind>
         <file>UART.obj</file>
         <name>UART.obj</name>
      </input_file>
      <input_file id="fl-4">
         <path>.\</path>
         <kind>object</kind>
         <file>rtos.obj</file>
         <name>rtos.obj</name>
      </input_file>
      <input_file id="fl-5">
         <path>.\</path>
         <kind>object</kind>
         <file>tm4c123gh6pm_startup_ccs.obj</file>
         <name>tm4c123gh6pm_startup_ccs.obj</name>
      </input_file>
      <input_file id="fl-12b">
         <path>C:\ti\ccsv6\tools\compiler\ti-cgt-arm_5.2.2\lib\</path>
         <kind>archive</kind>
         <file>rtsv7M4_T_le_v4SPD16_eabi.lib</file>
         <name>boot.obj</name>
      </input_file>
      <input_file id="fl-12c">
         <path>C:\ti\ccsv6\tools\compiler\ti-cgt-arm_5.2.2\lib\</path>
         <kind>archive</kind>
         <file>rtsv7M4_T_le_v4SPD16_eabi.lib</file>
         <name>copy_decompress_none.obj</name>
      </input_file>
      <input_file id="fl-12d">
         <path>C:\ti\ccsv6\tools\compiler\ti-cgt-arm_5.2.2\lib\</path>
         <kind>archive</kind>
         <file>rtsv7M4_T_le_v4SPD16_eabi.lib</file>
         <name>copy_decompress_rle.obj</name>
      </input_file>
      <input_file id="fl-12e">
         <path>C:\ti\ccsv6\tools\compiler\ti-cgt-arm_5.2.2\lib\</path>
         <kind>archive</kind>
         <file>rtsv7M4_T_le_v4SPD16_eabi.lib</file>
         <name>copy_zero_init.obj</name>
      </input_file>
      <input_file id="fl-12f">
         <path>C:\ti\ccsv6\tools\compiler\ti-cgt-arm_5.2.2\lib\</path>
         <kind>archive</kind>
         <file>rtsv7M4_T_le_v4SPD16_eabi.lib</file>
         <name>exit.obj</name>
      </input_file>
      <input_file id="fl-130">
         <path>C:\ti\ccsv6\tools\compiler\ti-cgt-arm_5.2.2\lib\</path>
         <kind>archive</kind>
         <file>rtsv7M4_T_le_v4SPD16_eabi.lib</file>
         <name>memcpy_t2.obj</name>
      </input_file>
      <input_file id="fl-131">
         <path>C:\ti\ccsv6\tools\compiler\ti-cgt-arm_5.2.2\lib\</path>
         <kind>archive</kind>
         <file>rtsv7M4_T_le_v4SPD16_eabi.lib</file>
         <name>memset_t2.obj</name>
      </input_file>
      <input_file id="fl-132">
         <path>C:\ti\ccsv6\tools\compiler\ti-cgt-arm_5.2.2\lib\</path>
         <kind>archive</kind>
         <file>rtsv7M4_T_le_v4SPD16_eabi.lib</file>
         <name>pre_init.obj</name>
      </input_file>
      <input_file id="fl-133">
         <path>C:\ti\ccsv6\tools\compiler\ti-cgt-arm_5.2.2\lib\</path>
         <kind>archive</kind>
         <file>rtsv7M4_T_le_v4SPD16_eabi.lib</file>
         <name>stkdepth_vars.obj</name>
      </input_file>
      <input_file id="fl-134">
         <path>C:\ti\ccsv6\tools\compiler\ti-cgt-arm_5.2.2\lib\</path>
         <kind>archive</kind>
         <file>rtsv7M4_T_le_v4SPD16_eabi.lib</file>
         <name>strcpy.obj</name>
      </input_file>
      <input_file id="fl-135">
         <path>C:\ti\ccsv6\tools\compiler\ti-cgt-arm_5.2.2\lib\</path>
         <kind>archive</kind>
         <file>rtsv7M4_T_le_v4SPD16_eabi.lib</file>
         <name>strlen.obj</name>
      </input_file>
      <input_file id="fl-136">
         <path>C:\ti\ccsv6\tools\compiler\ti-cgt-arm_5.2.2\lib\</path>
         <kind>archive</kind>
         <file>rtsv7M4_T_le_v4SPD16_eabi.lib</file>
         <name>strncpy.obj</name>
      </input_file>
      <input_file id="fl-137">
         <path>C:\ti\ccsv6\tools\compiler\ti-cgt-arm_5.2.2\lib\</path>
         <kind>archive</kind>
         <file>rtsv7M4_T_le_v4SPD16_eabi.lib</file>
         <name>_lock.obj</name>
      </input_file>
      <input_file id="fl-138">
         <path>C:\ti\ccsv6\tools\compiler\ti-cgt-arm_5.2.2\lib\</path>
         <kind>archive</kind>
         <file>rtsv7M4_T_le_v4SPD16_eabi.lib</file>
         <name>args_main.obj</name>
      </input_file>
      <input_file id="fl-139">
         <path>C:\ti\ccsv6\tools\compiler\ti-cgt-arm_5.2.2\lib\</path>
         <kind>archive</kind>
         <file>rtsv7M4_T_le_v4SPD16_eabi.lib</file>
         <name>autoinit.obj</name>
      </input_file>
      <input_file id="fl-13a">
         <path>C:\ti\ccsv6\tools\compiler\ti-cgt-arm_5.2.2\lib\</path>
         <kind>archive</kind>
         <file>rtsv7M4_T_le_v4SPD16_eabi.lib</file>
         <name>cpy_tbl.obj</name>
      </input_file>
   </input_file_list>
   <object_component_list>
      <object_component id="oc-f">
         <name>.intvecs</name>
         <load_address>0x0</load_address>
         <run_address>0x0</run_address>
         <size>0x26c</size>
         <input_file_ref idref="fl-5"/>
      </object_component>
      <object_component id="oc-30">
         <name>.text</name>
         <load_address>0x26c</load_address>
         <run_address>0x26c</run_address>
         <size>0x1e0c</size>
         <input_file_ref idref="fl-4"/>
      </object_component>
      <object_component id="oc-a6">
         <name>.text</name>
         <load_address>0x2078</load_address>
         <run_address>0x2078</run_address>
         <size>0xfec</size>
         <input_file_ref idref="fl-2"/>
      </object_component>
      <object_component id="oc-7e">
         <name>.text</name>
         <load_address>0x3064</load_address>
         <run_address>0x3064</run_address>
         <size>0x1ac</size>
         <input_file_ref idref="fl-3"/>
      </object_component>
      <object_component id="oc-39">
         <name>.text</name>
         <load_address>0x3210</load_address>
         <run_address>0x3210</run_address>
         <size>0x9c</size>
         <input_file_ref idref="fl-130"/>
      </object_component>
      <object_component id="oc-52">
         <name>.text</name>
         <load_address>0x32ac</load_address>
         <run_address>0x32ac</run_address>
         <size>0x7a</size>
         <input_file_ref idref="fl-131"/>
      </object_component>
      <object_component id="oc-64">
         <name>.text</name>
         <load_address>0x3328</load_address>
         <run_address>0x3328</run_address>
         <size>0x6c</size>
         <input_file_ref idref="fl-139"/>
      </object_component>
      <object_component id="oc-45">
         <name>.text</name>
         <load_address>0x3394</load_address>
         <run_address>0x3394</run_address>
         <size>0x6a</size>
         <input_file_ref idref="fl-12d"/>
      </object_component>
      <object_component id="oc-24">
         <name>.text</name>
         <load_address>0x3400</load_address>
         <run_address>0x3400</run_address>
         <size>0x50</size>
         <input_file_ref idref="fl-12b"/>
      </object_component>
      <object_component id="oc-dd">
         <name>.text</name>
         <load_address>0x3450</load_address>
         <run_address>0x3450</run_address>
         <size>0x4c</size>
         <input_file_ref idref="fl-13a"/>
      </object_component>
      <object_component id="oc-70">
         <name>.text</name>
         <load_address>0x349c</load_address>
         <run_address>0x349c</run_address>
         <size>0x44</size>
         <input_file_ref idref="fl-12f"/>
      </object_component>
      <object_component id="oc-8d">
         <name>.text</name>
         <load_address>0x34e0</load_address>
         <run_address>0x34e0</run_address>
         <size>0x30</size>
         <input_file_ref idref="fl-136"/>
      </object_component>
      <object_component id="oc-6a">
         <name>.text</name>
         <load_address>0x3510</load_address>
         <run_address>0x3510</run_address>
         <size>0x18</size>
         <input_file_ref idref="fl-138"/>
      </object_component>
      <object_component id="oc-12c">
         <name>.text</name>
         <load_address>0x3528</load_address>
         <run_address>0x3528</run_address>
         <size>0x14</size>
         <input_file_ref idref="fl-137"/>
      </object_component>
      <object_component id="oc-9a">
         <name>.text</name>
         <load_address>0x353c</load_address>
         <run_address>0x353c</run_address>
         <size>0x14</size>
         <input_file_ref idref="fl-134"/>
      </object_component>
      <object_component id="oc-f4">
         <name>.text</name>
         <load_address>0x3550</load_address>
         <run_address>0x3550</run_address>
         <size>0x14</size>
         <input_file_ref idref="fl-135"/>
      </object_component>
      <object_component id="oc-12">
         <name>.text:decompress:none</name>
         <load_address>0x3564</load_address>
         <run_address>0x3564</run_address>
         <size>0xe</size>
         <input_file_ref idref="fl-12c"/>
      </object_component>
      <object_component id="oc-1e">
         <name>.text:decompress:ZI</name>
         <load_address>0x3572</load_address>
         <run_address>0x3572</run_address>
         <size>0xc</size>
         <input_file_ref idref="fl-12e"/>
      </object_component>
      <object_component id="oc-2a">
         <name>.text</name>
         <load_address>0x357e</load_address>
         <run_address>0x357e</run_address>
         <size>0xc</size>
         <input_file_ref idref="fl-5"/>
      </object_component>
      <object_component id="oc-18">
         <name>.text:decompress:rle24</name>
         <load_address>0x358a</load_address>
         <run_address>0x358a</run_address>
         <size>0x6</size>
         <input_file_ref idref="fl-12d"/>
      </object_component>
      <object_component id="oc-5e">
         <name>.text</name>
         <load_address>0x3590</load_address>
         <run_address>0x3590</run_address>
         <size>0x4</size>
         <input_file_ref idref="fl-132"/>
      </object_component>
      <object_component id="oc-171">
         <name>.cinit..data.load</name>
         <load_address>0x3598</load_address>
         <run_address>0x3598</run_address>
         <size>0x27</size>
      </object_component>
      <object_component id="oc-16f">
         <name>__TI_handler_table</name>
         <load_address>0x35c0</load_address>
         <run_address>0x35c0</run_address>
         <size>0xc</size>
      </object_component>
      <object_component id="oc-172">
         <name>.cinit..bss.load</name>
         <load_address>0x35d0</load_address>
         <run_address>0x35d0</run_address>
         <size>0x8</size>
      </object_component>
      <object_component id="oc-170">
         <name>__TI_cinit_table</name>
         <load_address>0x35d8</load_address>
         <run_address>0x35d8</run_address>
         <size>0x10</size>
      </object_component>
      <object_component id="oc-29">
         <name>.stack</name>
         <uninitialized>true</uninitialized>
         <run_address>0x20001fe4</run_address>
         <size>0x0</size>
         <input_file_ref idref="fl-12b"/>
      </object_component>
      <object_component id="oc-173">
         <name>.stack</name>
         <uninitialized>true</uninitialized>
         <run_address>0x20001fe4</run_address>
         <size>0x0</size>
      </object_component>
      <object_component id="oc-a3">
         <name>.bss:stack</name>
         <uninitialized>true</uninitialized>
         <run_address>0x20000000</run_address>
         <size>0x1400</size>
         <input_file_ref idref="fl-4"/>
      </object_component>
      <object_component id="oc-ac">
         <name>.bss:data</name>
         <uninitialized>true</uninitialized>
         <run_address>0x20001e00</run_address>
         <size>0x100</size>
         <input_file_ref idref="fl-4"/>
      </object_component>
      <object_component id="oc-94">
         <name>.bss:packets</name>
         <uninitialized>true</uninitialized>
         <run_address>0x20001400</run_address>
         <size>0xa00</size>
         <input_file_ref idref="fl-4"/>
      </object_component>
      <object_component id="oc-a0">
         <name>.bss:tcb</name>
         <uninitialized>true</uninitialized>
         <run_address>0x20001f00</run_address>
         <size>0xb4</size>
         <input_file_ref idref="fl-4"/>
      </object_component>
      <object_component id="oc-af">
         <name>.common:dataInfo</name>
         <uninitialized>true</uninitialized>
         <run_address>0x20001fc0</run_address>
         <size>0x4</size>
      </object_component>
      <object_component id="oc-98">
         <name>.common:ctrlInfo</name>
         <uninitialized>true</uninitialized>
         <run_address>0x20001fbc</run_address>
         <size>0x4</size>
      </object_component>
      <object_component id="oc-99">
         <name>.common:ctrlData</name>
         <uninitialized>true</uninitialized>
         <run_address>0x20001fb8</run_address>
         <size>0x4</size>
      </object_component>
      <object_component id="oc-84">
         <name>.common:sum</name>
         <uninitialized>true</uninitialized>
         <run_address>0x20001fd8</run_address>
         <size>0x4</size>
      </object_component>
      <object_component id="oc-8a">
         <name>.common:ipv4Address</name>
         <uninitialized>true</uninitialized>
         <run_address>0x20001fd4</run_address>
         <size>0x4</size>
      </object_component>
      <object_component id="oc-97">
         <name>.common:BWriteIndex</name>
         <uninitialized>true</uninitialized>
         <run_address>0x20001fe0</run_address>
         <size>0x1</size>
      </object_component>
      <object_component id="oc-88">
         <name>.common:enc28j60</name>
         <uninitialized>true</uninitialized>
         <run_address>0x20001fc4</run_address>
         <size>0x4</size>
      </object_component>
      <object_component id="oc-89">
         <name>.common:ether</name>
         <uninitialized>true</uninitialized>
         <run_address>0x20001fc8</run_address>
         <size>0x4</size>
      </object_component>
      <object_component id="oc-87">
         <name>.common:ip</name>
         <uninitialized>true</uninitialized>
         <run_address>0x20001fd0</run_address>
         <size>0x4</size>
      </object_component>
      <object_component id="oc-8b">
         <name>.common:icmp</name>
         <uninitialized>true</uninitialized>
         <run_address>0x20001fcc</run_address>
         <size>0x4</size>
      </object_component>
      <object_component id="oc-8c">
         <name>.common:arp</name>
         <uninitialized>true</uninitialized>
         <run_address>0x20001fb4</run_address>
         <size>0x4</size>
      </object_component>
      <object_component id="oc-93">
         <name>.common:udp</name>
         <uninitialized>true</uninitialized>
         <run_address>0x20001fdc</run_address>
         <size>0x4</size>
      </object_component>
      <object_component id="oc-7b">
         <name>.data</name>
         <load_address>0x200021e4</load_address>
         <run_address>0x200021e4</run_address>
         <size>0x17</size>
         <input_file_ref idref="fl-4"/>
      </object_component>
      <object_component id="oc-ea">
         <name>.data</name>
         <load_address>0x20002204</load_address>
         <run_address>0x20002204</run_address>
         <size>0x8</size>
         <input_file_ref idref="fl-12f"/>
      </object_component>
      <object_component id="oc-76">
         <name>.data</name>
         <load_address>0x2000220c</load_address>
         <run_address>0x2000220c</run_address>
         <size>0x4</size>
         <input_file_ref idref="fl-133"/>
      </object_component>
      <object_component id="oc-e7">
         <name>.data</name>
         <load_address>0x200021fc</load_address>
         <run_address>0x200021fc</run_address>
         <size>0x8</size>
         <input_file_ref idref="fl-137"/>
      </object_component>
      <object_component id="oc-b0">
         <name>.debug_info</name>
         <load_address>0x0</load_address>
         <run_address>0x0</run_address>
         <size>0x2ed</size>
         <input_file_ref idref="fl-2"/>
      </object_component>
      <object_component id="oc-a7">
         <name>.debug_info</name>
         <load_address>0x2ed</load_address>
         <run_address>0x2ed</run_address>
         <size>0x1d2e</size>
         <input_file_ref idref="fl-2"/>
      </object_component>
      <object_component id="oc-b8">
         <name>.debug_info</name>
         <load_address>0x201b</load_address>
         <run_address>0x201b</run_address>
         <size>0x8b</size>
         <input_file_ref idref="fl-2"/>
      </object_component>
      <object_component id="oc-b3">
         <name>.debug_info</name>
         <load_address>0x20a6</load_address>
         <run_address>0x20a6</run_address>
         <size>0x18b</size>
         <input_file_ref idref="fl-2"/>
      </object_component>
      <object_component id="oc-d4">
         <name>.debug_info</name>
         <load_address>0x2231</load_address>
         <run_address>0x2231</run_address>
         <size>0x2c</size>
         <input_file_ref idref="fl-2"/>
      </object_component>
      <object_component id="oc-103">
         <name>.debug_info</name>
         <load_address>0x225d</load_address>
         <run_address>0x225d</run_address>
         <size>0xb3</size>
         <input_file_ref idref="fl-2"/>
      </object_component>
      <object_component id="oc-fb">
         <name>.debug_info</name>
         <load_address>0x2310</load_address>
         <run_address>0x2310</run_address>
         <size>0x121</size>
         <input_file_ref idref="fl-3"/>
      </object_component>
      <object_component id="oc-7f">
         <name>.debug_info</name>
         <load_address>0x2431</load_address>
         <run_address>0x2431</run_address>
         <size>0x389</size>
         <input_file_ref idref="fl-3"/>
      </object_component>
      <object_component id="oc-85">
         <name>.debug_info</name>
         <load_address>0x27ba</load_address>
         <run_address>0x27ba</run_address>
         <size>0x5b6</size>
         <input_file_ref idref="fl-4"/>
      </object_component>
      <object_component id="oc-7c">
         <name>.debug_info</name>
         <load_address>0x2d70</load_address>
         <run_address>0x2d70</run_address>
         <size>0x24a</size>
         <input_file_ref idref="fl-4"/>
      </object_component>
      <object_component id="oc-a4">
         <name>.debug_info</name>
         <load_address>0x2fba</load_address>
         <run_address>0x2fba</run_address>
         <size>0xbc</size>
         <input_file_ref idref="fl-4"/>
      </object_component>
      <object_component id="oc-ad">
         <name>.debug_info</name>
         <load_address>0x3076</load_address>
         <run_address>0x3076</run_address>
         <size>0xba</size>
         <input_file_ref idref="fl-4"/>
      </object_component>
      <object_component id="oc-95">
         <name>.debug_info</name>
         <load_address>0x3130</load_address>
         <run_address>0x3130</run_address>
         <size>0xc0</size>
         <input_file_ref idref="fl-4"/>
      </object_component>
      <object_component id="oc-a1">
         <name>.debug_info</name>
         <load_address>0x31f0</load_address>
         <run_address>0x31f0</run_address>
         <size>0xb9</size>
         <input_file_ref idref="fl-4"/>
      </object_component>
      <object_component id="oc-31">
         <name>.debug_info</name>
         <load_address>0x32a9</load_address>
         <run_address>0x32a9</run_address>
         <size>0x2f44</size>
         <input_file_ref idref="fl-4"/>
      </object_component>
      <object_component id="oc-bd">
         <name>.debug_info</name>
         <load_address>0x61ed</load_address>
         <run_address>0x61ed</run_address>
         <size>0x4ea</size>
         <input_file_ref idref="fl-4"/>
      </object_component>
      <object_component id="oc-fe">
         <name>.debug_info</name>
         <load_address>0x66d7</load_address>
         <run_address>0x66d7</run_address>
         <size>0x12b</size>
         <input_file_ref idref="fl-4"/>
      </object_component>
      <object_component id="oc-38">
         <name>.debug_info</name>
         <load_address>0x6802</load_address>
         <run_address>0x6802</run_address>
         <size>0x115</size>
         <input_file_ref idref="fl-5"/>
      </object_component>
      <object_component id="oc-10">
         <name>.debug_info</name>
         <load_address>0x6917</load_address>
         <run_address>0x6917</run_address>
         <size>0xde</size>
         <input_file_ref idref="fl-5"/>
      </object_component>
      <object_component id="oc-2b">
         <name>.debug_info</name>
         <load_address>0x69f5</load_address>
         <run_address>0x69f5</run_address>
         <size>0x25a</size>
         <input_file_ref idref="fl-5"/>
      </object_component>
      <object_component id="oc-c4">
         <name>.debug_info</name>
         <load_address>0x6c4f</load_address>
         <run_address>0x6c4f</run_address>
         <size>0x84</size>
         <input_file_ref idref="fl-5"/>
      </object_component>
      <object_component id="oc-27">
         <name>.debug_info</name>
         <load_address>0x6cd3</load_address>
         <run_address>0x6cd3</run_address>
         <size>0x138</size>
         <input_file_ref idref="fl-12b"/>
      </object_component>
      <object_component id="oc-44">
         <name>.debug_info</name>
         <load_address>0x6e0b</load_address>
         <run_address>0x6e0b</run_address>
         <size>0x123</size>
         <input_file_ref idref="fl-12c"/>
      </object_component>
      <object_component id="oc-14">
         <name>.debug_info</name>
         <load_address>0x6f2e</load_address>
         <run_address>0x6f2e</run_address>
         <size>0x1c2</size>
         <input_file_ref idref="fl-12c"/>
      </object_component>
      <object_component id="oc-3f">
         <name>.debug_info</name>
         <load_address>0x70f0</load_address>
         <run_address>0x70f0</run_address>
         <size>0x46</size>
         <input_file_ref idref="fl-12c"/>
      </object_component>
      <object_component id="oc-ca">
         <name>.debug_info</name>
         <load_address>0x7136</load_address>
         <run_address>0x7136</run_address>
         <size>0x2c</size>
         <input_file_ref idref="fl-12c"/>
      </object_component>
      <object_component id="oc-4c">
         <name>.debug_info</name>
         <load_address>0x7162</load_address>
         <run_address>0x7162</run_address>
         <size>0x117</size>
         <input_file_ref idref="fl-12d"/>
      </object_component>
      <object_component id="oc-46">
         <name>.debug_info</name>
         <load_address>0x7279</load_address>
         <run_address>0x7279</run_address>
         <size>0x22a</size>
         <input_file_ref idref="fl-12d"/>
      </object_component>
      <object_component id="oc-19">
         <name>.debug_info</name>
         <load_address>0x74a3</load_address>
         <run_address>0x74a3</run_address>
         <size>0x1bc</size>
         <input_file_ref idref="fl-12d"/>
      </object_component>
      <object_component id="oc-4d">
         <name>.debug_info</name>
         <load_address>0x765f</load_address>
         <run_address>0x765f</run_address>
         <size>0x39</size>
         <input_file_ref idref="fl-12d"/>
      </object_component>
      <object_component id="oc-5d">
         <name>.debug_info</name>
         <load_address>0x7698</load_address>
         <run_address>0x7698</run_address>
         <size>0x112</size>
         <input_file_ref idref="fl-12e"/>
      </object_component>
      <object_component id="oc-21">
         <name>.debug_info</name>
         <load_address>0x77aa</load_address>
         <run_address>0x77aa</run_address>
         <size>0x18d</size>
         <input_file_ref idref="fl-12e"/>
      </object_component>
      <object_component id="oc-58">
         <name>.debug_info</name>
         <load_address>0x7937</load_address>
         <run_address>0x7937</run_address>
         <size>0x46</size>
         <input_file_ref idref="fl-12e"/>
      </object_component>
      <object_component id="oc-ee">
         <name>.debug_info</name>
         <load_address>0x797d</load_address>
         <run_address>0x797d</run_address>
         <size>0x174</size>
         <input_file_ref idref="fl-12f"/>
      </object_component>
      <object_component id="oc-eb">
         <name>.debug_info</name>
         <load_address>0x7af1</load_address>
         <run_address>0x7af1</run_address>
         <size>0x119</size>
         <input_file_ref idref="fl-12f"/>
      </object_component>
      <object_component id="oc-72">
         <name>.debug_info</name>
         <load_address>0x7c0a</load_address>
         <run_address>0x7c0a</run_address>
         <size>0x1f0</size>
         <input_file_ref idref="fl-12f"/>
      </object_component>
      <object_component id="oc-3a">
         <name>.debug_info</name>
         <load_address>0x7dfa</load_address>
         <run_address>0x7dfa</run_address>
         <size>0xfa</size>
         <input_file_ref idref="fl-130"/>
      </object_component>
      <object_component id="oc-53">
         <name>.debug_info</name>
         <load_address>0x7ef4</load_address>
         <run_address>0x7ef4</run_address>
         <size>0x12a</size>
         <input_file_ref idref="fl-131"/>
      </object_component>
      <object_component id="oc-5f">
         <name>.debug_info</name>
         <load_address>0x801e</load_address>
         <run_address>0x801e</run_address>
         <size>0x12b</size>
         <input_file_ref idref="fl-132"/>
      </object_component>
      <object_component id="oc-77">
         <name>.debug_info</name>
         <load_address>0x8149</load_address>
         <run_address>0x8149</run_address>
         <size>0xec</size>
         <input_file_ref idref="fl-133"/>
      </object_component>
      <object_component id="oc-10d">
         <name>.debug_info</name>
         <load_address>0x8235</load_address>
         <run_address>0x8235</run_address>
         <size>0xd8</size>
         <input_file_ref idref="fl-134"/>
      </object_component>
      <object_component id="oc-9b">
         <name>.debug_info</name>
         <load_address>0x830d</load_address>
         <run_address>0x830d</run_address>
         <size>0x1f3</size>
         <input_file_ref idref="fl-134"/>
      </object_component>
      <object_component id="oc-13b">
         <name>.debug_info</name>
         <load_address>0x8500</load_address>
         <run_address>0x8500</run_address>
         <size>0xcd</size>
         <input_file_ref idref="fl-135"/>
      </object_component>
      <object_component id="oc-f5">
         <name>.debug_info</name>
         <load_address>0x85cd</load_address>
         <run_address>0x85cd</run_address>
         <size>0x1dd</size>
         <input_file_ref idref="fl-135"/>
      </object_component>
      <object_component id="oc-109">
         <name>.debug_info</name>
         <load_address>0x87aa</load_address>
         <run_address>0x87aa</run_address>
         <size>0xd9</size>
         <input_file_ref idref="fl-136"/>
      </object_component>
      <object_component id="oc-8e">
         <name>.debug_info</name>
         <load_address>0x8883</load_address>
         <run_address>0x8883</run_address>
         <size>0x20c</size>
         <input_file_ref idref="fl-136"/>
      </object_component>
      <object_component id="oc-134">
         <name>.debug_info</name>
         <load_address>0x8a8f</load_address>
         <run_address>0x8a8f</run_address>
         <size>0x107</size>
         <input_file_ref idref="fl-137"/>
      </object_component>
      <object_component id="oc-e8">
         <name>.debug_info</name>
         <load_address>0x8b96</load_address>
         <run_address>0x8b96</run_address>
         <size>0xf6</size>
         <input_file_ref idref="fl-137"/>
      </object_component>
      <object_component id="oc-12e">
         <name>.debug_info</name>
         <load_address>0x8c8c</load_address>
         <run_address>0x8c8c</run_address>
         <size>0x202</size>
         <input_file_ref idref="fl-137"/>
      </object_component>
      <object_component id="oc-e6">
         <name>.debug_info</name>
         <load_address>0x8e8e</load_address>
         <run_address>0x8e8e</run_address>
         <size>0x149</size>
         <input_file_ref idref="fl-138"/>
      </object_component>
      <object_component id="oc-6b">
         <name>.debug_info</name>
         <load_address>0x8fd7</load_address>
         <run_address>0x8fd7</run_address>
         <size>0x14a</size>
         <input_file_ref idref="fl-138"/>
      </object_component>
      <object_component id="oc-127">
         <name>.debug_info</name>
         <load_address>0x9121</load_address>
         <run_address>0x9121</run_address>
         <size>0x5e</size>
         <input_file_ref idref="fl-138"/>
      </object_component>
      <object_component id="oc-e4">
         <name>.debug_info</name>
         <load_address>0x917f</load_address>
         <run_address>0x917f</run_address>
         <size>0x2a0</size>
         <input_file_ref idref="fl-139"/>
      </object_component>
      <object_component id="oc-65">
         <name>.debug_info</name>
         <load_address>0x941f</load_address>
         <run_address>0x941f</run_address>
         <size>0x15a</size>
         <input_file_ref idref="fl-139"/>
      </object_component>
      <object_component id="oc-11b">
         <name>.debug_info</name>
         <load_address>0x9579</load_address>
         <run_address>0x9579</run_address>
         <size>0x39</size>
         <input_file_ref idref="fl-139"/>
      </object_component>
      <object_component id="oc-120">
         <name>.debug_info</name>
         <load_address>0x95b2</load_address>
         <run_address>0x95b2</run_address>
         <size>0xcd</size>
         <input_file_ref idref="fl-139"/>
      </object_component>
      <object_component id="oc-118">
         <name>.debug_info</name>
         <load_address>0x967f</load_address>
         <run_address>0x967f</run_address>
         <size>0x1c3</size>
         <input_file_ref idref="fl-13a"/>
      </object_component>
      <object_component id="oc-de">
         <name>.debug_info</name>
         <load_address>0x9842</load_address>
         <run_address>0x9842</run_address>
         <size>0x17f</size>
         <input_file_ref idref="fl-13a"/>
      </object_component>
      <object_component id="oc-144">
         <name>.debug_info</name>
         <load_address>0x99c1</load_address>
         <run_address>0x99c1</run_address>
         <size>0x2c</size>
         <input_file_ref idref="fl-13a"/>
      </object_component>
      <object_component id="oc-174">
         <name>.debug_info</name>
         <load_address>0x99ed</load_address>
         <run_address>0x99ed</run_address>
         <size>0x98</size>
      </object_component>
      <object_component id="oc-116">
         <name>.debug_line</name>
         <load_address>0x0</load_address>
         <run_address>0x0</run_address>
         <size>0xc0</size>
         <input_file_ref idref="fl-2"/>
      </object_component>
      <object_component id="oc-aa">
         <name>.debug_line</name>
         <load_address>0xc0</load_address>
         <run_address>0xc0</run_address>
         <size>0x64d</size>
         <input_file_ref idref="fl-2"/>
      </object_component>
      <object_component id="oc-bb">
         <name>.debug_line</name>
         <load_address>0x70d</load_address>
         <run_address>0x70d</run_address>
         <size>0x20</size>
         <input_file_ref idref="fl-2"/>
      </object_component>
      <object_component id="oc-b6">
         <name>.debug_line</name>
         <load_address>0x72d</load_address>
         <run_address>0x72d</run_address>
         <size>0x60</size>
         <input_file_ref idref="fl-2"/>
      </object_component>
      <object_component id="oc-d7">
         <name>.debug_line</name>
         <load_address>0x78d</load_address>
         <run_address>0x78d</run_address>
         <size>0x60</size>
         <input_file_ref idref="fl-2"/>
      </object_component>
      <object_component id="oc-106">
         <name>.debug_line</name>
         <load_address>0x7ed</load_address>
         <run_address>0x7ed</run_address>
         <size>0x33</size>
         <input_file_ref idref="fl-2"/>
      </object_component>
      <object_component id="oc-13d">
         <name>.debug_line</name>
         <load_address>0x820</load_address>
         <run_address>0x820</run_address>
         <size>0x60</size>
         <input_file_ref idref="fl-3"/>
      </object_component>
      <object_component id="oc-82">
         <name>.debug_line</name>
         <load_address>0x880</load_address>
         <run_address>0x880</run_address>
         <size>0x121</size>
         <input_file_ref idref="fl-3"/>
      </object_component>
      <object_component id="oc-fd">
         <name>.debug_line</name>
         <load_address>0x9a1</load_address>
         <run_address>0x9a1</run_address>
         <size>0x9d</size>
         <input_file_ref idref="fl-4"/>
      </object_component>
      <object_component id="oc-f3">
         <name>.debug_line</name>
         <load_address>0xa3e</load_address>
         <run_address>0xa3e</run_address>
         <size>0x2d</size>
         <input_file_ref idref="fl-4"/>
      </object_component>
      <object_component id="oc-111">
         <name>.debug_line</name>
         <load_address>0xa6b</load_address>
         <run_address>0xa6b</run_address>
         <size>0x2d</size>
         <input_file_ref idref="fl-4"/>
      </object_component>
      <object_component id="oc-114">
         <name>.debug_line</name>
         <load_address>0xa98</load_address>
         <run_address>0xa98</run_address>
         <size>0x2d</size>
         <input_file_ref idref="fl-4"/>
      </object_component>
      <object_component id="oc-10b">
         <name>.debug_line</name>
         <load_address>0xac5</load_address>
         <run_address>0xac5</run_address>
         <size>0x2d</size>
         <input_file_ref idref="fl-4"/>
      </object_component>
      <object_component id="oc-10f">
         <name>.debug_line</name>
         <load_address>0xaf2</load_address>
         <run_address>0xaf2</run_address>
         <size>0x2d</size>
         <input_file_ref idref="fl-4"/>
      </object_component>
      <object_component id="oc-34">
         <name>.debug_line</name>
         <load_address>0xb1f</load_address>
         <run_address>0xb1f</run_address>
         <size>0xd01</size>
         <input_file_ref idref="fl-4"/>
      </object_component>
      <object_component id="oc-c0">
         <name>.debug_line</name>
         <load_address>0x1820</load_address>
         <run_address>0x1820</run_address>
         <size>0x2d</size>
         <input_file_ref idref="fl-4"/>
      </object_component>
      <object_component id="oc-101">
         <name>.debug_line</name>
         <load_address>0x184d</load_address>
         <run_address>0x184d</run_address>
         <size>0x30</size>
         <input_file_ref idref="fl-4"/>
      </object_component>
      <object_component id="oc-c3">
         <name>.debug_line</name>
         <load_address>0x187d</load_address>
         <run_address>0x187d</run_address>
         <size>0x41</size>
         <input_file_ref idref="fl-5"/>
      </object_component>
      <object_component id="oc-37">
         <name>.debug_line</name>
         <load_address>0x18be</load_address>
         <run_address>0x18be</run_address>
         <size>0x41</size>
         <input_file_ref idref="fl-5"/>
      </object_component>
      <object_component id="oc-2e">
         <name>.debug_line</name>
         <load_address>0x18ff</load_address>
         <run_address>0x18ff</run_address>
         <size>0xa1</size>
         <input_file_ref idref="fl-5"/>
      </object_component>
      <object_component id="oc-c7">
         <name>.debug_line</name>
         <load_address>0x19a0</load_address>
         <run_address>0x19a0</run_address>
         <size>0x20</size>
         <input_file_ref idref="fl-5"/>
      </object_component>
      <object_component id="oc-26">
         <name>.debug_line</name>
         <load_address>0x19c0</load_address>
         <run_address>0x19c0</run_address>
         <size>0x52</size>
         <input_file_ref idref="fl-12b"/>
      </object_component>
      <object_component id="oc-d0">
         <name>.debug_line</name>
         <load_address>0x1a12</load_address>
         <run_address>0x1a12</run_address>
         <size>0x72</size>
         <input_file_ref idref="fl-12c"/>
      </object_component>
      <object_component id="oc-13">
         <name>.debug_line</name>
         <load_address>0x1a84</load_address>
         <run_address>0x1a84</run_address>
         <size>0x55</size>
         <input_file_ref idref="fl-12c"/>
      </object_component>
      <object_component id="oc-42">
         <name>.debug_line</name>
         <load_address>0x1ad9</load_address>
         <run_address>0x1ad9</run_address>
         <size>0x3a</size>
         <input_file_ref idref="fl-12c"/>
      </object_component>
      <object_component id="oc-cd">
         <name>.debug_line</name>
         <load_address>0x1b13</load_address>
         <run_address>0x1b13</run_address>
         <size>0x72</size>
         <input_file_ref idref="fl-12c"/>
      </object_component>
      <object_component id="oc-d3">
         <name>.debug_line</name>
         <load_address>0x1b85</load_address>
         <run_address>0x1b85</run_address>
         <size>0x72</size>
         <input_file_ref idref="fl-12d"/>
      </object_component>
      <object_component id="oc-49">
         <name>.debug_line</name>
         <load_address>0x1bf7</load_address>
         <run_address>0x1bf7</run_address>
         <size>0x98</size>
         <input_file_ref idref="fl-12d"/>
      </object_component>
      <object_component id="oc-1c">
         <name>.debug_line</name>
         <load_address>0x1c8f</load_address>
         <run_address>0x1c8f</run_address>
         <size>0x4b</size>
         <input_file_ref idref="fl-12d"/>
      </object_component>
      <object_component id="oc-50">
         <name>.debug_line</name>
         <load_address>0x1cda</load_address>
         <run_address>0x1cda</run_address>
         <size>0x39</size>
         <input_file_ref idref="fl-12d"/>
      </object_component>
      <object_component id="oc-db">
         <name>.debug_line</name>
         <load_address>0x1d13</load_address>
         <run_address>0x1d13</run_address>
         <size>0x72</size>
         <input_file_ref idref="fl-12e"/>
      </object_component>
      <object_component id="oc-20">
         <name>.debug_line</name>
         <load_address>0x1d85</load_address>
         <run_address>0x1d85</run_address>
         <size>0x4f</size>
         <input_file_ref idref="fl-12e"/>
      </object_component>
      <object_component id="oc-5b">
         <name>.debug_line</name>
         <load_address>0x1dd4</load_address>
         <run_address>0x1dd4</run_address>
         <size>0x34</size>
         <input_file_ref idref="fl-12e"/>
      </object_component>
      <object_component id="oc-139">
         <name>.debug_line</name>
         <load_address>0x1e08</load_address>
         <run_address>0x1e08</run_address>
         <size>0x71</size>
         <input_file_ref idref="fl-12f"/>
      </object_component>
      <object_component id="oc-137">
         <name>.debug_line</name>
         <load_address>0x1e79</load_address>
         <run_address>0x1e79</run_address>
         <size>0x2a</size>
         <input_file_ref idref="fl-12f"/>
      </object_component>
      <object_component id="oc-71">
         <name>.debug_line</name>
         <load_address>0x1ea3</load_address>
         <run_address>0x1ea3</run_address>
         <size>0x7a</size>
         <input_file_ref idref="fl-12f"/>
      </object_component>
      <object_component id="oc-3d">
         <name>.debug_line</name>
         <load_address>0x1f1d</load_address>
         <run_address>0x1f1d</run_address>
         <size>0x88</size>
         <input_file_ref idref="fl-130"/>
      </object_component>
      <object_component id="oc-56">
         <name>.debug_line</name>
         <load_address>0x1fa5</load_address>
         <run_address>0x1fa5</run_address>
         <size>0x79</size>
         <input_file_ref idref="fl-131"/>
      </object_component>
      <object_component id="oc-62">
         <name>.debug_line</name>
         <load_address>0x201e</load_address>
         <run_address>0x201e</run_address>
         <size>0x40</size>
         <input_file_ref idref="fl-132"/>
      </object_component>
      <object_component id="oc-f1">
         <name>.debug_line</name>
         <load_address>0x205e</load_address>
         <run_address>0x205e</run_address>
         <size>0x33</size>
         <input_file_ref idref="fl-133"/>
      </object_component>
      <object_component id="oc-141">
         <name>.debug_line</name>
         <load_address>0x2091</load_address>
         <run_address>0x2091</run_address>
         <size>0x20</size>
         <input_file_ref idref="fl-134"/>
      </object_component>
      <object_component id="oc-9e">
         <name>.debug_line</name>
         <load_address>0x20b1</load_address>
         <run_address>0x20b1</run_address>
         <size>0x88</size>
         <input_file_ref idref="fl-134"/>
      </object_component>
      <object_component id="oc-14d">
         <name>.debug_line</name>
         <load_address>0x2139</load_address>
         <run_address>0x2139</run_address>
         <size>0x20</size>
         <input_file_ref idref="fl-135"/>
      </object_component>
      <object_component id="oc-f8">
         <name>.debug_line</name>
         <load_address>0x2159</load_address>
         <run_address>0x2159</run_address>
         <size>0x92</size>
         <input_file_ref idref="fl-135"/>
      </object_component>
      <object_component id="oc-13f">
         <name>.debug_line</name>
         <load_address>0x21eb</load_address>
         <run_address>0x21eb</run_address>
         <size>0x20</size>
         <input_file_ref idref="fl-136"/>
      </object_component>
      <object_component id="oc-92">
         <name>.debug_line</name>
         <load_address>0x220b</load_address>
         <run_address>0x220b</run_address>
         <size>0x9a</size>
         <input_file_ref idref="fl-136"/>
      </object_component>
      <object_component id="oc-14b">
         <name>.debug_line</name>
         <load_address>0x22a5</load_address>
         <run_address>0x22a5</run_address>
         <size>0x20</size>
         <input_file_ref idref="fl-137"/>
      </object_component>
      <object_component id="oc-133">
         <name>.debug_line</name>
         <load_address>0x22c5</load_address>
         <run_address>0x22c5</run_address>
         <size>0x2b</size>
         <input_file_ref idref="fl-137"/>
      </object_component>
      <object_component id="oc-131">
         <name>.debug_line</name>
         <load_address>0x22f0</load_address>
         <run_address>0x22f0</run_address>
         <size>0x68</size>
         <input_file_ref idref="fl-137"/>
      </object_component>
      <object_component id="oc-126">
         <name>.debug_line</name>
         <load_address>0x2358</load_address>
         <run_address>0x2358</run_address>
         <size>0x2b</size>
         <input_file_ref idref="fl-138"/>
      </object_component>
      <object_component id="oc-6e">
         <name>.debug_line</name>
         <load_address>0x2383</load_address>
         <run_address>0x2383</run_address>
         <size>0x50</size>
         <input_file_ref idref="fl-138"/>
      </object_component>
      <object_component id="oc-12a">
         <name>.debug_line</name>
         <load_address>0x23d3</load_address>
         <run_address>0x23d3</run_address>
         <size>0x2b</size>
         <input_file_ref idref="fl-138"/>
      </object_component>
      <object_component id="oc-11a">
         <name>.debug_line</name>
         <load_address>0x23fe</load_address>
         <run_address>0x23fe</run_address>
         <size>0x81</size>
         <input_file_ref idref="fl-139"/>
      </object_component>
      <object_component id="oc-68">
         <name>.debug_line</name>
         <load_address>0x247f</load_address>
         <run_address>0x247f</run_address>
         <size>0x79</size>
         <input_file_ref idref="fl-139"/>
      </object_component>
      <object_component id="oc-11e">
         <name>.debug_line</name>
         <load_address>0x24f8</load_address>
         <run_address>0x24f8</run_address>
         <size>0x2e</size>
         <input_file_ref idref="fl-139"/>
      </object_component>
      <object_component id="oc-123">
         <name>.debug_line</name>
         <load_address>0x2526</load_address>
         <run_address>0x2526</run_address>
         <size>0x73</size>
         <input_file_ref idref="fl-139"/>
      </object_component>
      <object_component id="oc-143">
         <name>.debug_line</name>
         <load_address>0x2599</load_address>
         <run_address>0x2599</run_address>
         <size>0x80</size>
         <input_file_ref idref="fl-13a"/>
      </object_component>
      <object_component id="oc-e1">
         <name>.debug_line</name>
         <load_address>0x2619</load_address>
         <run_address>0x2619</run_address>
         <size>0x68</size>
         <input_file_ref idref="fl-13a"/>
      </object_component>
      <object_component id="oc-147">
         <name>.debug_line</name>
         <load_address>0x2681</load_address>
         <run_address>0x2681</run_address>
         <size>0x2e</size>
         <input_file_ref idref="fl-13a"/>
      </object_component>
      <object_component id="oc-ab">
         <name>.debug_frame</name>
         <load_address>0x0</load_address>
         <run_address>0x0</run_address>
         <size>0x22e</size>
         <input_file_ref idref="fl-2"/>
      </object_component>
      <object_component id="oc-83">
         <name>.debug_frame</name>
         <load_address>0x22e</load_address>
         <run_address>0x22e</run_address>
         <size>0xe6</size>
         <input_file_ref idref="fl-3"/>
      </object_component>
      <object_component id="oc-35">
         <name>.debug_frame</name>
         <load_address>0x314</load_address>
         <run_address>0x314</run_address>
         <size>0x62a</size>
         <input_file_ref idref="fl-4"/>
      </object_component>
      <object_component id="oc-2f">
         <name>.debug_frame</name>
         <load_address>0x93e</load_address>
         <run_address>0x93e</run_address>
         <size>0xb2</size>
         <input_file_ref idref="fl-5"/>
      </object_component>
      <object_component id="oc-17">
         <name>.debug_frame</name>
         <load_address>0x9f0</load_address>
         <run_address>0x9f0</run_address>
         <size>0x7f</size>
         <input_file_ref idref="fl-12c"/>
      </object_component>
      <object_component id="oc-4a">
         <name>.debug_frame</name>
         <load_address>0xa6f</load_address>
         <run_address>0xa6f</run_address>
         <size>0x8e</size>
         <input_file_ref idref="fl-12d"/>
      </object_component>
      <object_component id="oc-1d">
         <name>.debug_frame</name>
         <load_address>0xafd</load_address>
         <run_address>0xafd</run_address>
         <size>0x7f</size>
         <input_file_ref idref="fl-12d"/>
      </object_component>
      <object_component id="oc-1f">
         <name>.debug_frame</name>
         <load_address>0xb7c</load_address>
         <run_address>0xb7c</run_address>
         <size>0x7f</size>
         <input_file_ref idref="fl-12e"/>
      </object_component>
      <object_component id="oc-75">
         <name>.debug_frame</name>
         <load_address>0xbfb</load_address>
         <run_address>0xbfb</run_address>
         <size>0xb3</size>
         <input_file_ref idref="fl-12f"/>
      </object_component>
      <object_component id="oc-63">
         <name>.debug_frame</name>
         <load_address>0xcae</load_address>
         <run_address>0xcae</run_address>
         <size>0x7f</size>
         <input_file_ref idref="fl-132"/>
      </object_component>
      <object_component id="oc-9f">
         <name>.debug_frame</name>
         <load_address>0xd2d</load_address>
         <run_address>0xd2d</run_address>
         <size>0x7f</size>
         <input_file_ref idref="fl-134"/>
      </object_component>
      <object_component id="oc-f9">
         <name>.debug_frame</name>
         <load_address>0xdac</load_address>
         <run_address>0xdac</run_address>
         <size>0x7f</size>
         <input_file_ref idref="fl-135"/>
      </object_component>
      <object_component id="oc-91">
         <name>.debug_frame</name>
         <load_address>0xe2b</load_address>
         <run_address>0xe2b</run_address>
         <size>0x86</size>
         <input_file_ref idref="fl-136"/>
      </object_component>
      <object_component id="oc-12d">
         <name>.debug_frame</name>
         <load_address>0xeb1</load_address>
         <run_address>0xeb1</run_address>
         <size>0xa1</size>
         <input_file_ref idref="fl-137"/>
      </object_component>
      <object_component id="oc-6f">
         <name>.debug_frame</name>
         <load_address>0xf52</load_address>
         <run_address>0xf52</run_address>
         <size>0x7f</size>
         <input_file_ref idref="fl-138"/>
      </object_component>
      <object_component id="oc-69">
         <name>.debug_frame</name>
         <load_address>0xfd1</load_address>
         <run_address>0xfd1</run_address>
         <size>0x8a</size>
         <input_file_ref idref="fl-139"/>
      </object_component>
      <object_component id="oc-e2">
         <name>.debug_frame</name>
         <load_address>0x105b</load_address>
         <run_address>0x105b</run_address>
         <size>0x8e</size>
         <input_file_ref idref="fl-13a"/>
      </object_component>
      <object_component id="oc-115">
         <name>.debug_abbrev</name>
         <load_address>0x0</load_address>
         <run_address>0x0</run_address>
         <size>0xdb</size>
         <input_file_ref idref="fl-2"/>
      </object_component>
      <object_component id="oc-112">
         <name>.debug_abbrev</name>
         <load_address>0xdb</load_address>
         <run_address>0xdb</run_address>
         <size>0x103</size>
         <input_file_ref idref="fl-2"/>
      </object_component>
      <object_component id="oc-ba">
         <name>.debug_abbrev</name>
         <load_address>0x1de</load_address>
         <run_address>0x1de</run_address>
         <size>0x1f</size>
         <input_file_ref idref="fl-2"/>
      </object_component>
      <object_component id="oc-b5">
         <name>.debug_abbrev</name>
         <load_address>0x1fd</load_address>
         <run_address>0x1fd</run_address>
         <size>0x35</size>
         <input_file_ref idref="fl-2"/>
      </object_component>
      <object_component id="oc-d6">
         <name>.debug_abbrev</name>
         <load_address>0x232</load_address>
         <run_address>0x232</run_address>
         <size>0x24</size>
         <input_file_ref idref="fl-2"/>
      </object_component>
      <object_component id="oc-105">
         <name>.debug_abbrev</name>
         <load_address>0x256</load_address>
         <run_address>0x256</run_address>
         <size>0x3a</size>
         <input_file_ref idref="fl-2"/>
      </object_component>
      <object_component id="oc-13c">
         <name>.debug_abbrev</name>
         <load_address>0x290</load_address>
         <run_address>0x290</run_address>
         <size>0x71</size>
         <input_file_ref idref="fl-3"/>
      </object_component>
      <object_component id="oc-fa">
         <name>.debug_abbrev</name>
         <load_address>0x301</load_address>
         <run_address>0x301</run_address>
         <size>0xb4</size>
         <input_file_ref idref="fl-3"/>
      </object_component>
      <object_component id="oc-fc">
         <name>.debug_abbrev</name>
         <load_address>0x3b5</load_address>
         <run_address>0x3b5</run_address>
         <size>0xef</size>
         <input_file_ref idref="fl-4"/>
      </object_component>
      <object_component id="oc-f2">
         <name>.debug_abbrev</name>
         <load_address>0x4a4</load_address>
         <run_address>0x4a4</run_address>
         <size>0x29</size>
         <input_file_ref idref="fl-4"/>
      </object_component>
      <object_component id="oc-110">
         <name>.debug_abbrev</name>
         <load_address>0x4cd</load_address>
         <run_address>0x4cd</run_address>
         <size>0x29</size>
         <input_file_ref idref="fl-4"/>
      </object_component>
      <object_component id="oc-113">
         <name>.debug_abbrev</name>
         <load_address>0x4f6</load_address>
         <run_address>0x4f6</run_address>
         <size>0x29</size>
         <input_file_ref idref="fl-4"/>
      </object_component>
      <object_component id="oc-10a">
         <name>.debug_abbrev</name>
         <load_address>0x51f</load_address>
         <run_address>0x51f</run_address>
         <size>0x29</size>
         <input_file_ref idref="fl-4"/>
      </object_component>
      <object_component id="oc-10e">
         <name>.debug_abbrev</name>
         <load_address>0x548</load_address>
         <run_address>0x548</run_address>
         <size>0x29</size>
         <input_file_ref idref="fl-4"/>
      </object_component>
      <object_component id="oc-b2">
         <name>.debug_abbrev</name>
         <load_address>0x571</load_address>
         <run_address>0x571</run_address>
         <size>0x110</size>
         <input_file_ref idref="fl-4"/>
      </object_component>
      <object_component id="oc-bf">
         <name>.debug_abbrev</name>
         <load_address>0x681</load_address>
         <run_address>0x681</run_address>
         <size>0x83</size>
         <input_file_ref idref="fl-4"/>
      </object_component>
      <object_component id="oc-100">
         <name>.debug_abbrev</name>
         <load_address>0x704</load_address>
         <run_address>0x704</run_address>
         <size>0x3a</size>
         <input_file_ref idref="fl-4"/>
      </object_component>
      <object_component id="oc-c2">
         <name>.debug_abbrev</name>
         <load_address>0x73e</load_address>
         <run_address>0x73e</run_address>
         <size>0x71</size>
         <input_file_ref idref="fl-5"/>
      </object_component>
      <object_component id="oc-36">
         <name>.debug_abbrev</name>
         <load_address>0x7af</load_address>
         <run_address>0x7af</run_address>
         <size>0x29</size>
         <input_file_ref idref="fl-5"/>
      </object_component>
      <object_component id="oc-7a">
         <name>.debug_abbrev</name>
         <load_address>0x7d8</load_address>
         <run_address>0x7d8</run_address>
         <size>0x79</size>
         <input_file_ref idref="fl-5"/>
      </object_component>
      <object_component id="oc-c6">
         <name>.debug_abbrev</name>
         <load_address>0x851</load_address>
         <run_address>0x851</run_address>
         <size>0x1f</size>
         <input_file_ref idref="fl-5"/>
      </object_component>
      <object_component id="oc-79">
         <name>.debug_abbrev</name>
         <load_address>0x870</load_address>
         <run_address>0x870</run_address>
         <size>0x3d</size>
         <input_file_ref idref="fl-12b"/>
      </object_component>
      <object_component id="oc-cf">
         <name>.debug_abbrev</name>
         <load_address>0x8ad</load_address>
         <run_address>0x8ad</run_address>
         <size>0x52</size>
         <input_file_ref idref="fl-12c"/>
      </object_component>
      <object_component id="oc-3e">
         <name>.debug_abbrev</name>
         <load_address>0x8ff</load_address>
         <run_address>0x8ff</run_address>
         <size>0x74</size>
         <input_file_ref idref="fl-12c"/>
      </object_component>
      <object_component id="oc-41">
         <name>.debug_abbrev</name>
         <load_address>0x973</load_address>
         <run_address>0x973</run_address>
         <size>0x24</size>
         <input_file_ref idref="fl-12c"/>
      </object_component>
      <object_component id="oc-cc">
         <name>.debug_abbrev</name>
         <load_address>0x997</load_address>
         <run_address>0x997</run_address>
         <size>0x24</size>
         <input_file_ref idref="fl-12c"/>
      </object_component>
      <object_component id="oc-d2">
         <name>.debug_abbrev</name>
         <load_address>0x9bb</load_address>
         <run_address>0x9bb</run_address>
         <size>0x52</size>
         <input_file_ref idref="fl-12d"/>
      </object_component>
      <object_component id="oc-d1">
         <name>.debug_abbrev</name>
         <load_address>0xa0d</load_address>
         <run_address>0xa0d</run_address>
         <size>0x7b</size>
         <input_file_ref idref="fl-12d"/>
      </object_component>
      <object_component id="oc-4b">
         <name>.debug_abbrev</name>
         <load_address>0xa88</load_address>
         <run_address>0xa88</run_address>
         <size>0x74</size>
         <input_file_ref idref="fl-12d"/>
      </object_component>
      <object_component id="oc-4f">
         <name>.debug_abbrev</name>
         <load_address>0xafc</load_address>
         <run_address>0xafc</run_address>
         <size>0x24</size>
         <input_file_ref idref="fl-12d"/>
      </object_component>
      <object_component id="oc-da">
         <name>.debug_abbrev</name>
         <load_address>0xb20</load_address>
         <run_address>0xb20</run_address>
         <size>0x52</size>
         <input_file_ref idref="fl-12e"/>
      </object_component>
      <object_component id="oc-57">
         <name>.debug_abbrev</name>
         <load_address>0xb72</load_address>
         <run_address>0xb72</run_address>
         <size>0x74</size>
         <input_file_ref idref="fl-12e"/>
      </object_component>
      <object_component id="oc-5a">
         <name>.debug_abbrev</name>
         <load_address>0xbe6</load_address>
         <run_address>0xbe6</run_address>
         <size>0x24</size>
         <input_file_ref idref="fl-12e"/>
      </object_component>
      <object_component id="oc-138">
         <name>.debug_abbrev</name>
         <load_address>0xc0a</load_address>
         <run_address>0xc0a</run_address>
         <size>0x6b</size>
         <input_file_ref idref="fl-12f"/>
      </object_component>
      <object_component id="oc-136">
         <name>.debug_abbrev</name>
         <load_address>0xc75</load_address>
         <run_address>0xc75</run_address>
         <size>0x29</size>
         <input_file_ref idref="fl-12f"/>
      </object_component>
      <object_component id="oc-ed">
         <name>.debug_abbrev</name>
         <load_address>0xc9e</load_address>
         <run_address>0xc9e</run_address>
         <size>0xba</size>
         <input_file_ref idref="fl-12f"/>
      </object_component>
      <object_component id="oc-c9">
         <name>.debug_abbrev</name>
         <load_address>0xd58</load_address>
         <run_address>0xd58</run_address>
         <size>0x3d</size>
         <input_file_ref idref="fl-130"/>
      </object_component>
      <object_component id="oc-d9">
         <name>.debug_abbrev</name>
         <load_address>0xd95</load_address>
         <run_address>0xd95</run_address>
         <size>0x4d</size>
         <input_file_ref idref="fl-131"/>
      </object_component>
      <object_component id="oc-dc">
         <name>.debug_abbrev</name>
         <load_address>0xde2</load_address>
         <run_address>0xde2</run_address>
         <size>0x55</size>
         <input_file_ref idref="fl-132"/>
      </object_component>
      <object_component id="oc-f0">
         <name>.debug_abbrev</name>
         <load_address>0xe37</load_address>
         <run_address>0xe37</run_address>
         <size>0x27</size>
         <input_file_ref idref="fl-133"/>
      </object_component>
      <object_component id="oc-140">
         <name>.debug_abbrev</name>
         <load_address>0xe5e</load_address>
         <run_address>0xe5e</run_address>
         <size>0x33</size>
         <input_file_ref idref="fl-134"/>
      </object_component>
      <object_component id="oc-10c">
         <name>.debug_abbrev</name>
         <load_address>0xe91</load_address>
         <run_address>0xe91</run_address>
         <size>0x71</size>
         <input_file_ref idref="fl-134"/>
      </object_component>
      <object_component id="oc-14c">
         <name>.debug_abbrev</name>
         <load_address>0xf02</load_address>
         <run_address>0xf02</run_address>
         <size>0x2a</size>
         <input_file_ref idref="fl-135"/>
      </object_component>
      <object_component id="oc-13a">
         <name>.debug_abbrev</name>
         <load_address>0xf2c</load_address>
         <run_address>0xf2c</run_address>
         <size>0x71</size>
         <input_file_ref idref="fl-135"/>
      </object_component>
      <object_component id="oc-13e">
         <name>.debug_abbrev</name>
         <load_address>0xf9d</load_address>
         <run_address>0xf9d</run_address>
         <size>0x33</size>
         <input_file_ref idref="fl-136"/>
      </object_component>
      <object_component id="oc-108">
         <name>.debug_abbrev</name>
         <load_address>0xfd0</load_address>
         <run_address>0xfd0</run_address>
         <size>0x71</size>
         <input_file_ref idref="fl-136"/>
      </object_component>
      <object_component id="oc-14a">
         <name>.debug_abbrev</name>
         <load_address>0x1041</load_address>
         <run_address>0x1041</run_address>
         <size>0x45</size>
         <input_file_ref idref="fl-137"/>
      </object_component>
      <object_component id="oc-132">
         <name>.debug_abbrev</name>
         <load_address>0x1086</load_address>
         <run_address>0x1086</run_address>
         <size>0x29</size>
         <input_file_ref idref="fl-137"/>
      </object_component>
      <object_component id="oc-149">
         <name>.debug_abbrev</name>
         <load_address>0x10af</load_address>
         <run_address>0x10af</run_address>
         <size>0x6f</size>
         <input_file_ref idref="fl-137"/>
      </object_component>
      <object_component id="oc-125">
         <name>.debug_abbrev</name>
         <load_address>0x111e</load_address>
         <run_address>0x111e</run_address>
         <size>0x8e</size>
         <input_file_ref idref="fl-138"/>
      </object_component>
      <object_component id="oc-e5">
         <name>.debug_abbrev</name>
         <load_address>0x11ac</load_address>
         <run_address>0x11ac</run_address>
         <size>0x68</size>
         <input_file_ref idref="fl-138"/>
      </object_component>
      <object_component id="oc-129">
         <name>.debug_abbrev</name>
         <load_address>0x1214</load_address>
         <run_address>0x1214</run_address>
         <size>0x49</size>
         <input_file_ref idref="fl-138"/>
      </object_component>
      <object_component id="oc-119">
         <name>.debug_abbrev</name>
         <load_address>0x125d</load_address>
         <run_address>0x125d</run_address>
         <size>0x9a</size>
         <input_file_ref idref="fl-139"/>
      </object_component>
      <object_component id="oc-e3">
         <name>.debug_abbrev</name>
         <load_address>0x12f7</load_address>
         <run_address>0x12f7</run_address>
         <size>0x7e</size>
         <input_file_ref idref="fl-139"/>
      </object_component>
      <object_component id="oc-11d">
         <name>.debug_abbrev</name>
         <load_address>0x1375</load_address>
         <run_address>0x1375</run_address>
         <size>0x24</size>
         <input_file_ref idref="fl-139"/>
      </object_component>
      <object_component id="oc-122">
         <name>.debug_abbrev</name>
         <load_address>0x1399</load_address>
         <run_address>0x1399</run_address>
         <size>0x4b</size>
         <input_file_ref idref="fl-139"/>
      </object_component>
      <object_component id="oc-142">
         <name>.debug_abbrev</name>
         <load_address>0x13e4</load_address>
         <run_address>0x13e4</run_address>
         <size>0x9c</size>
         <input_file_ref idref="fl-13a"/>
      </object_component>
      <object_component id="oc-117">
         <name>.debug_abbrev</name>
         <load_address>0x1480</load_address>
         <run_address>0x1480</run_address>
         <size>0x8c</size>
         <input_file_ref idref="fl-13a"/>
      </object_component>
      <object_component id="oc-146">
         <name>.debug_abbrev</name>
         <load_address>0x150c</load_address>
         <run_address>0x150c</run_address>
         <size>0x24</size>
         <input_file_ref idref="fl-13a"/>
      </object_component>
      <object_component id="oc-175">
         <name>.debug_abbrev</name>
         <load_address>0x1530</load_address>
         <run_address>0x1530</run_address>
         <size>0xf</size>
      </object_component>
      <object_component id="oc-bc">
         <name>.debug_str</name>
         <load_address>0x0</load_address>
         <run_address>0x0</run_address>
         <size>0xf5</size>
         <input_file_ref idref="fl-2"/>
      </object_component>
      <object_component id="oc-b7">
         <name>.debug_str</name>
         <load_address>0xf5</load_address>
         <run_address>0xf5</run_address>
         <size>0x206</size>
         <input_file_ref idref="fl-2"/>
      </object_component>
      <object_component id="oc-d8">
         <name>.debug_str</name>
         <load_address>0x2fb</load_address>
         <run_address>0x2fb</run_address>
         <size>0xc9</size>
         <input_file_ref idref="fl-2"/>
      </object_component>
      <object_component id="oc-107">
         <name>.debug_str</name>
         <load_address>0x3c4</load_address>
         <run_address>0x3c4</run_address>
         <size>0xd5</size>
         <input_file_ref idref="fl-2"/>
      </object_component>
      <object_component id="oc-c1">
         <name>.debug_str</name>
         <load_address>0x499</load_address>
         <run_address>0x499</run_address>
         <size>0x23c</size>
         <input_file_ref idref="fl-4"/>
      </object_component>
      <object_component id="oc-102">
         <name>.debug_str</name>
         <load_address>0x6d5</load_address>
         <run_address>0x6d5</run_address>
         <size>0x135</size>
         <input_file_ref idref="fl-4"/>
      </object_component>
      <object_component id="oc-c8">
         <name>.debug_str</name>
         <load_address>0x80a</load_address>
         <run_address>0x80a</run_address>
         <size>0xf5</size>
         <input_file_ref idref="fl-5"/>
      </object_component>
      <object_component id="oc-43">
         <name>.debug_str</name>
         <load_address>0x8ff</load_address>
         <run_address>0x8ff</run_address>
         <size>0xe3</size>
         <input_file_ref idref="fl-12c"/>
      </object_component>
      <object_component id="oc-ce">
         <name>.debug_str</name>
         <load_address>0x9e2</load_address>
         <run_address>0x9e2</run_address>
         <size>0xf8</size>
         <input_file_ref idref="fl-12c"/>
      </object_component>
      <object_component id="oc-51">
         <name>.debug_str</name>
         <load_address>0xada</load_address>
         <run_address>0xada</run_address>
         <size>0xd5</size>
         <input_file_ref idref="fl-12d"/>
      </object_component>
      <object_component id="oc-5c">
         <name>.debug_str</name>
         <load_address>0xbaf</load_address>
         <run_address>0xbaf</run_address>
         <size>0xdd</size>
         <input_file_ref idref="fl-12e"/>
      </object_component>
      <object_component id="oc-12b">
         <name>.debug_str</name>
         <load_address>0xc8c</load_address>
         <run_address>0xc8c</run_address>
         <size>0xb9</size>
         <input_file_ref idref="fl-138"/>
      </object_component>
      <object_component id="oc-11f">
         <name>.debug_str</name>
         <load_address>0xd45</load_address>
         <run_address>0xd45</run_address>
         <size>0xc5</size>
         <input_file_ref idref="fl-139"/>
      </object_component>
      <object_component id="oc-124">
         <name>.debug_str</name>
         <load_address>0xe0a</load_address>
         <run_address>0xe0a</run_address>
         <size>0x14f</size>
         <input_file_ref idref="fl-139"/>
      </object_component>
      <object_component id="oc-148">
         <name>.debug_str</name>
         <load_address>0xf59</load_address>
         <run_address>0xf59</run_address>
         <size>0xba</size>
         <input_file_ref idref="fl-13a"/>
      </object_component>
      <object_component id="oc-a8">
         <name>.debug_aranges</name>
         <load_address>0x0</load_address>
         <run_address>0x0</run_address>
         <size>0x98</size>
         <input_file_ref idref="fl-2"/>
      </object_component>
      <object_component id="oc-80">
         <name>.debug_aranges</name>
         <load_address>0x98</load_address>
         <run_address>0x98</run_address>
         <size>0x40</size>
         <input_file_ref idref="fl-3"/>
      </object_component>
      <object_component id="oc-32">
         <name>.debug_aranges</name>
         <load_address>0xd8</load_address>
         <run_address>0xd8</run_address>
         <size>0x1f8</size>
         <input_file_ref idref="fl-4"/>
      </object_component>
      <object_component id="oc-2c">
         <name>.debug_aranges</name>
         <load_address>0x2d0</load_address>
         <run_address>0x2d0</run_address>
         <size>0x38</size>
         <input_file_ref idref="fl-5"/>
      </object_component>
      <object_component id="oc-25">
         <name>.debug_aranges</name>
         <load_address>0x308</load_address>
         <run_address>0x308</run_address>
         <size>0x20</size>
         <input_file_ref idref="fl-12b"/>
      </object_component>
      <object_component id="oc-16">
         <name>.debug_aranges</name>
         <load_address>0x328</load_address>
         <run_address>0x328</run_address>
         <size>0x20</size>
         <input_file_ref idref="fl-12c"/>
      </object_component>
      <object_component id="oc-47">
         <name>.debug_aranges</name>
         <load_address>0x348</load_address>
         <run_address>0x348</run_address>
         <size>0x20</size>
         <input_file_ref idref="fl-12d"/>
      </object_component>
      <object_component id="oc-1a">
         <name>.debug_aranges</name>
         <load_address>0x368</load_address>
         <run_address>0x368</run_address>
         <size>0x20</size>
         <input_file_ref idref="fl-12d"/>
      </object_component>
      <object_component id="oc-22">
         <name>.debug_aranges</name>
         <load_address>0x388</load_address>
         <run_address>0x388</run_address>
         <size>0x20</size>
         <input_file_ref idref="fl-12e"/>
      </object_component>
      <object_component id="oc-73">
         <name>.debug_aranges</name>
         <load_address>0x3a8</load_address>
         <run_address>0x3a8</run_address>
         <size>0x30</size>
         <input_file_ref idref="fl-12f"/>
      </object_component>
      <object_component id="oc-3b">
         <name>.debug_aranges</name>
         <load_address>0x3d8</load_address>
         <run_address>0x3d8</run_address>
         <size>0x20</size>
         <input_file_ref idref="fl-130"/>
      </object_component>
      <object_component id="oc-54">
         <name>.debug_aranges</name>
         <load_address>0x3f8</load_address>
         <run_address>0x3f8</run_address>
         <size>0x28</size>
         <input_file_ref idref="fl-131"/>
      </object_component>
      <object_component id="oc-60">
         <name>.debug_aranges</name>
         <load_address>0x420</load_address>
         <run_address>0x420</run_address>
         <size>0x20</size>
         <input_file_ref idref="fl-132"/>
      </object_component>
      <object_component id="oc-9c">
         <name>.debug_aranges</name>
         <load_address>0x440</load_address>
         <run_address>0x440</run_address>
         <size>0x20</size>
         <input_file_ref idref="fl-134"/>
      </object_component>
      <object_component id="oc-f6">
         <name>.debug_aranges</name>
         <load_address>0x460</load_address>
         <run_address>0x460</run_address>
         <size>0x20</size>
         <input_file_ref idref="fl-135"/>
      </object_component>
      <object_component id="oc-8f">
         <name>.debug_aranges</name>
         <load_address>0x480</load_address>
         <run_address>0x480</run_address>
         <size>0x20</size>
         <input_file_ref idref="fl-136"/>
      </object_component>
      <object_component id="oc-12f">
         <name>.debug_aranges</name>
         <load_address>0x4a0</load_address>
         <run_address>0x4a0</run_address>
         <size>0x30</size>
         <input_file_ref idref="fl-137"/>
      </object_component>
      <object_component id="oc-6c">
         <name>.debug_aranges</name>
         <load_address>0x4d0</load_address>
         <run_address>0x4d0</run_address>
         <size>0x20</size>
         <input_file_ref idref="fl-138"/>
      </object_component>
      <object_component id="oc-66">
         <name>.debug_aranges</name>
         <load_address>0x4f0</load_address>
         <run_address>0x4f0</run_address>
         <size>0x20</size>
         <input_file_ref idref="fl-139"/>
      </object_component>
      <object_component id="oc-df">
         <name>.debug_aranges</name>
         <load_address>0x510</load_address>
         <run_address>0x510</run_address>
         <size>0x20</size>
         <input_file_ref idref="fl-13a"/>
      </object_component>
      <object_component id="oc-b1">
         <name>.debug_pubnames</name>
         <load_address>0x0</load_address>
         <run_address>0x0</run_address>
         <size>0x30</size>
         <input_file_ref idref="fl-2"/>
      </object_component>
      <object_component id="oc-a9">
         <name>.debug_pubnames</name>
         <load_address>0x30</load_address>
         <run_address>0x30</run_address>
         <size>0x19f</size>
         <input_file_ref idref="fl-2"/>
      </object_component>
      <object_component id="oc-81">
         <name>.debug_pubnames</name>
         <load_address>0x1cf</load_address>
         <run_address>0x1cf</run_address>
         <size>0x5b</size>
         <input_file_ref idref="fl-3"/>
      </object_component>
      <object_component id="oc-86">
         <name>.debug_pubnames</name>
         <load_address>0x22a</load_address>
         <run_address>0x22a</run_address>
         <size>0xb1</size>
         <input_file_ref idref="fl-4"/>
      </object_component>
      <object_component id="oc-7d">
         <name>.debug_pubnames</name>
         <load_address>0x2db</load_address>
         <run_address>0x2db</run_address>
         <size>0xc0</size>
         <input_file_ref idref="fl-4"/>
      </object_component>
      <object_component id="oc-a5">
         <name>.debug_pubnames</name>
         <load_address>0x39b</load_address>
         <run_address>0x39b</run_address>
         <size>0x1c</size>
         <input_file_ref idref="fl-4"/>
      </object_component>
      <object_component id="oc-ae">
         <name>.debug_pubnames</name>
         <load_address>0x3b7</load_address>
         <run_address>0x3b7</run_address>
         <size>0x1b</size>
         <input_file_ref idref="fl-4"/>
      </object_component>
      <object_component id="oc-96">
         <name>.debug_pubnames</name>
         <load_address>0x3d2</load_address>
         <run_address>0x3d2</run_address>
         <size>0x1e</size>
         <input_file_ref idref="fl-4"/>
      </object_component>
      <object_component id="oc-a2">
         <name>.debug_pubnames</name>
         <load_address>0x3f0</load_address>
         <run_address>0x3f0</run_address>
         <size>0x1a</size>
         <input_file_ref idref="fl-4"/>
      </object_component>
      <object_component id="oc-33">
         <name>.debug_pubnames</name>
         <load_address>0x40a</load_address>
         <run_address>0x40a</run_address>
         <size>0x422</size>
         <input_file_ref idref="fl-4"/>
      </object_component>
      <object_component id="oc-11">
         <name>.debug_pubnames</name>
         <load_address>0x82c</load_address>
         <run_address>0x82c</run_address>
         <size>0x23</size>
         <input_file_ref idref="fl-5"/>
      </object_component>
      <object_component id="oc-2d">
         <name>.debug_pubnames</name>
         <load_address>0x84f</load_address>
         <run_address>0x84f</run_address>
         <size>0x4c</size>
         <input_file_ref idref="fl-5"/>
      </object_component>
      <object_component id="oc-28">
         <name>.debug_pubnames</name>
         <load_address>0x89b</load_address>
         <run_address>0x89b</run_address>
         <size>0x1f</size>
         <input_file_ref idref="fl-12b"/>
      </object_component>
      <object_component id="oc-15">
         <name>.debug_pubnames</name>
         <load_address>0x8ba</load_address>
[...]
      <symbol id="sm-128">
         <name>putsnUart0</name>
         <value>0x30c7</value>
         <object_component_ref idref="oc-7e"/>
      </symbol>
      <symbol id="sm-129">
         <name>putsUart0</name>
         <value>0x3081</value>
         <object_component_ref idref="oc-7e"/>
      </symbol>
      <symbol id="sm-12a">
         <name>putcUart0</name>
         <value>0x3065</value>
         <object_component_ref idref="oc-7e"/>
      </symbol>
      <symbol id="sm-2cc">
         <name>ctrlInfo</name>
         <value>0x20001fbc</value>
      </symbol>
      <symbol id="sm-2cd">
         <name>ctrlData</name>
         <value>0x20001fb8</value>
      </symbol>
      <symbol id="sm-2ce">
         <name>sum</name>
         <value>0x20001fd8</value>
      </symbol>
      <symbol id="sm-2cf">
         <name>ipv4Address</name>
         <value>0x20001fd4</value>
      </symbol>
      <symbol id="sm-2d0">
         <name>BWriteIndex</name>
         <value>0x20001fe0</value>
      </symbol>
      <symbol id="sm-2d1">
         <name>enc28j60</name>
         <value>0x20001fc4</value>
      </symbol>
      <symbol id="sm-2d2">
         <name>ether</name>
         <value>0x20001fc8</value>
      </symbol>
      <symbol id="sm-2d3">
         <name>ip</name>
         <value>0x20001fd0</value>
      </symbol>
      <symbol id="sm-2d4">
         <name>icmp</name>
         <value>0x20001fcc</value>
      </symbol>
      <symbol id="sm-2d5">
         <name>arp</name>
         <value>0x20001fb4</value>
      </symbol>
      <symbol id="sm-2d6">
         <name>udp</name>
         <value>0x20001fdc</value>
      </symbol>
      <symbol id="sm-2d7">
         <name>etherWritePhy</name>
         <value>0x397</value>
         <object_component_ref idref="oc-30"/>
      </symbol>
      <symbol id="sm-2d8">
         <name>BReadIndex</name>
         <value>0x200021f9</value>
         <object_component_ref idref="oc-7b"/>
      </symbol>
      <symbol id="sm-2d9">
         <name>etherCsOff</name>
         <value>0x2a1</value>
         <object_component_ref idref="oc-30"/>
      </symbol>
      <symbol id="sm-2da">
         <name>etherIsIpUnicast</name>
         <value>0x981</value>
         <object_component_ref idref="oc-30"/>
      </symbol>
      <symbol id="sm-2db">
         <name>etherSendPingResp</name>
         <value>0xa15</value>
         <object_component_ref idref="oc-30"/>
      </symbol>
      <symbol id="sm-2dc">
         <name>etherReadMemStop</name>
         <value>0x491</value>
         <object_component_ref idref="oc-30"/>
      </symbol>
      <symbol id="sm-2dd">
         <name>etherIsDiscReq</name>
         <value>0x101f</value>
         <object_component_ref idref="oc-30"/>
      </symbol>
      <symbol id="sm-2de">
         <name>ctrlDest</name>
         <value>0x200021f6</value>
         <object_component_ref idref="oc-7b"/>
      </symbol>
      <symbol id="sm-2df">
         <name>htons</name>
         <value>0x8bd</value>
         <object_component_ref idref="oc-30"/>
      </symbol>
      <symbol id="sm-2e0">
         <name>etherWriteMemStop</name>
         <value>0x469</value>
         <object_component_ref idref="oc-30"/>
      </symbol>
      <symbol id="sm-2e1">
         <name>initHw</name>
         <value>0x198d</value>
         <object_component_ref idref="oc-30"/>
      </symbol>
      <symbol id="sm-2e2">
         <name>etherIsOverflow</name>
         <value>0x707</value>
         <object_component_ref idref="oc-30"/>
      </symbol>
      <symbol id="sm-2e3">
         <name>UDPPacketCount</name>
         <value>0x200021f8</value>
         <object_component_ref idref="oc-7b"/>
      </symbol>
      <symbol id="sm-2e4">
         <name>etherKbhit</name>
         <value>0x619</value>
         <object_component_ref idref="oc-30"/>
      </symbol>
      <symbol id="sm-2e5">
         <name>rtosStart</name>
         <value>0x16d1</value>
         <object_component_ref idref="oc-30"/>
      </symbol>
      <symbol id="sm-2e6">
         <name>getEtherChecksum</name>
         <value>0x883</value>
         <object_component_ref idref="oc-30"/>
      </symbol>
      <symbol id="sm-2e7">
         <name>etherReadReg</name>
         <value>0x2dd</value>
         <object_component_ref idref="oc-30"/>
      </symbol>
      <symbol id="sm-2e8">
         <name>etherReadMem</name>
         <value>0x483</value>
         <object_component_ref idref="oc-30"/>
      </symbol>
      <symbol id="sm-2e9">
         <name>etherIncId</name>
         <value>0x154d</value>
         <object_component_ref idref="oc-30"/>
      </symbol>
      <symbol id="sm-2ea">
         <name>rtosScheduler</name>
         <value>0x1625</value>
         <object_component_ref idref="oc-30"/>
      </symbol>
      <symbol id="sm-2eb">
         <name>taskCount</name>
         <value>0x200021e4</value>
         <object_component_ref idref="oc-7b"/>
      </symbol>
      <symbol id="sm-2ec">
         <name>etherIsDataUdp</name>
         <value>0xed9</value>
         <object_component_ref idref="oc-30"/>
      </symbol>
      <symbol id="sm-2ed">
         <name>systickIsr</name>
         <value>0x1921</value>
         <object_component_ref idref="oc-30"/>
      </symbol>
      <symbol id="sm-2ee">
         <name>etherReadMemStart</name>
         <value>0x471</value>
         <object_component_ref idref="oc-30"/>
      </symbol>
      <symbol id="sm-2ef">
         <name>createProcess</name>
         <value>0x1709</value>
         <object_component_ref idref="oc-30"/>
      </symbol>
      <symbol id="sm-2f0">
         <name>etherGetPacket</name>
         <value>0x62d</value>
         <object_component_ref idref="oc-30"/>
      </symbol>
      <symbol id="sm-2f1">
         <name>etherSetIpAddress</name>
         <value>0x1593</value>
         <object_component_ref idref="oc-30"/>
      </symbol>
      <symbol id="sm-2f2">
         <name>spiRead</name>
         <value>0x289</value>
         <object_component_ref idref="oc-30"/>
      </symbol>
      <symbol id="sm-2f3">
         <name>rtosInit</name>
         <value>0x15d1</value>
         <object_component_ref idref="oc-30"/>
      </symbol>
      <symbol id="sm-2f4">
         <name>etherSendArpReq</name>
         <value>0xcc1</value>
         <object_component_ref idref="oc-30"/>
      </symbol>
      <symbol id="sm-2f5">
         <name>etherIsArp</name>
         <value>0xb29</value>
         <object_component_ref idref="oc-30"/>
      </symbol>
      <symbol id="sm-2f6">
         <name>etherClearReg</name>
         <value>0x345</value>
         <object_component_ref idref="oc-30"/>
      </symbol>
      <symbol id="sm-2f7">
         <name>main</name>
         <value>0x1e15</value>
         <object_component_ref idref="oc-30"/>
      </symbol>
      <symbol id="sm-2f8">
         <name>listenToNetwork</name>
         <value>0x1ab9</value>
         <object_component_ref idref="oc-30"/>
      </symbol>
      <symbol id="sm-2f9">
         <name>etherGetUdpData</name>
         <value>0xfa7</value>
         <object_component_ref idref="oc-30"/>
      </symbol>
      <symbol id="sm-2fa">
         <name>etherInit</name>
         <value>0x4a1</value>
         <object_component_ref idref="oc-30"/>
      </symbol>
      <symbol id="sm-2fb">
         <name>etherSendArpResp</name>
         <value>0xbb5</value>
         <object_component_ref idref="oc-30"/>
      </symbol>
      <symbol id="sm-2fc">
         <name>nextPacketMsb</name>
         <value>0x200021e7</value>
         <object_component_ref idref="oc-7b"/>
      </symbol>
      <symbol id="sm-2fd">
         <name>etherWriteReg</name>
         <value>0x2a9</value>
         <object_component_ref idref="oc-30"/>
      </symbol>
      <symbol id="sm-2fe">
         <name>etherSetBank</name>
         <value>0x37b</value>
         <object_component_ref idref="oc-30"/>
      </symbol>
      <symbol id="sm-2ff">
         <name>partOfLengthyFn</name>
         <value>0x1da1</value>
         <object_component_ref idref="oc-30"/>
      </symbol>
      <symbol id="sm-300">
         <name>etherIsUdp</name>
         <value>0xde5</value>
         <object_component_ref idref="oc-30"/>
      </symbol>
      <symbol id="sm-301">
         <name>etherIsPingReq</name>
         <value>0x9db</value>
         <object_component_ref idref="oc-30"/>
      </symbol>
      <symbol id="sm-302">
         <name>packets</name>
         <value>0x20001400</value>
         <object_component_ref idref="oc-94"/>
      </symbol>
      <symbol id="sm-303">
         <name>etherWriteMem</name>
         <value>0x455</value>
         <object_component_ref idref="oc-30"/>
      </symbol>
      <symbol id="sm-304">
         <name>etherSendDiscResponse</name>
         <value>0x10bd</value>
         <object_component_ref idref="oc-30"/>
      </symbol>
      <symbol id="sm-305">
         <name>etherSetReg</name>
         <value>0x30f</value>
         <object_component_ref idref="oc-30"/>
      </symbol>
      <symbol id="sm-306">
         <name>stack</name>
         <value>0x20000000</value>
         <object_component_ref idref="oc-a3"/>
      </symbol>
      <symbol id="sm-307">
         <name>macAddress</name>
         <value>0x200021e9</value>
         <object_component_ref idref="oc-7b"/>
      </symbol>
      <symbol id="sm-308">
         <name>etherSumWords</name>
         <value>0x811</value>
         <object_component_ref idref="oc-30"/>
      </symbol>
      <symbol id="sm-309">
         <name>etherIsIp</name>
         <value>0x915</value>
         <object_component_ref idref="oc-30"/>
      </symbol>
      <symbol id="sm-30a">
         <name>taskCurrent</name>
         <value>0x200021e5</value>
         <object_component_ref idref="oc-7b"/>
      </symbol>
      <symbol id="sm-30b">
         <name>etherInitStructures</name>
         <value>0x8e1</value>
         <object_component_ref idref="oc-30"/>
      </symbol>
      <symbol id="sm-30c">
         <name>etherSendUdpData</name>
         <value>0x1319</value>
         <object_component_ref idref="oc-30"/>
      </symbol>
      <symbol id="sm-30d">
         <name>etherIsValidIp</name>
         <value>0x155d</value>
         <object_component_ref idref="oc-30"/>
      </symbol>
      <symbol id="sm-30e">
         <name>spiWrite</name>
         <value>0x26d</value>
         <object_component_ref idref="oc-30"/>
      </symbol>
      <symbol id="sm-30f">
         <name>nextPacketLsb</name>
         <value>0x200021e6</value>
         <object_component_ref idref="oc-7b"/>
      </symbol>
      <symbol id="sm-310">
         <name>get_SP</name>
         <value>0x1851</value>
         <object_component_ref idref="oc-30"/>
      </symbol>
      <symbol id="sm-311">
         <name>etherGetId</name>
         <value>0x1541</value>
         <object_component_ref idref="oc-30"/>
      </symbol>
      <symbol id="sm-312">
         <name>data</name>
         <value>0x20001e00</value>
         <object_component_ref idref="oc-ac"/>
      </symbol>
      <symbol id="sm-313">
         <name>etherReadPhy</name>
         <value>0x3cf</value>
         <object_component_ref idref="oc-30"/>
      </symbol>
      <symbol id="sm-314">
         <name>etherCalcIpChecksum</name>
         <value>0xfe7</value>
         <object_component_ref idref="oc-30"/>
      </symbol>
      <symbol id="sm-315">
         <name>etherCsOn</name>
         <value>0x291</value>
         <object_component_ref idref="oc-30"/>
      </symbol>
      <symbol id="sm-316">
         <name>broadCastIp</name>
         <value>0x200021ef</value>
         <object_component_ref idref="oc-7b"/>
      </symbol>
      <symbol id="sm-317">
         <name>waitMicrosecond</name>
         <value>0x1a8b</value>
         <object_component_ref idref="oc-30"/>
      </symbol>
      <symbol id="sm-318">
         <name>etherWriteMemStart</name>
         <value>0x443</value>
         <object_component_ref idref="oc-30"/>
      </symbol>
      <symbol id="sm-319">
         <name>etherPutPacket</name>
         <value>0x72f</value>
         <object_component_ref idref="oc-30"/>
      </symbol>
      <symbol id="sm-31a">
         <name>lengthyFn</name>
         <value>0x1db1</value>
         <object_component_ref idref="oc-30"/>
      </symbol>
      <symbol id="sm-31b">
         <name>sourcePort</name>
         <value>0x200021f4</value>
         <object_component_ref idref="oc-7b"/>
      </symbol>
      <symbol id="sm-31c">
         <name>tcb</name>
         <value>0x20001f00</value>
         <object_component_ref idref="oc-a0"/>
      </symbol>
      <symbol id="sm-31d">
         <name>processPacket</name>
         <value>0x1c45</value>
         <object_component_ref idref="oc-30"/>
      </symbol>
      <symbol id="sm-31e">
         <name>yield</name>
         <value>0x1869</value>
         <object_component_ref idref="oc-30"/>
      </symbol>
      <symbol id="sm-31f">
         <name>update_SP</name>
         <value>0x1839</value>
         <object_component_ref idref="oc-30"/>
      </symbol>
      <symbol id="sm-320">
         <name>sequenceId</name>
         <value>0x200021e8</value>
         <object_component_ref idref="oc-7b"/>
      </symbol>
      <symbol id="sm-321">
         <name>sleep</name>
         <value>0x18b5</value>
         <object_component_ref idref="oc-30"/>
      </symbol>
      <symbol id="sm-342">
         <name>ResetISR</name>
         <value>0x357f</value>
         <object_component_ref idref="oc-2a"/>
      </symbol>
      <symbol id="sm-343">
         <name>g_pfnVectors</name>
         <value>0x0</value>
         <object_component_ref idref="oc-f"/>
      </symbol>
      <symbol id="sm-355">
         <name>_c_int00</name>
         <value>0x3401</value>
         <object_component_ref idref="oc-24"/>
      </symbol>
      <symbol id="sm-356">
         <name>__stack</name>
         <value>0x20001fe4</value>
         <object_component_ref idref="oc-29"/>
      </symbol>
      <symbol id="sm-36d">
         <name>__TI_decompress_none</name>
         <value>0x3565</value>
         <object_component_ref idref="oc-12"/>
      </symbol>
      <symbol id="sm-390">
         <name>__TI_decompress_rle24</name>
         <value>0x358b</value>
         <object_component_ref idref="oc-18"/>
      </symbol>
      <symbol id="sm-3a2">
         <name>__TI_zero_init</name>
         <value>0x3573</value>
         <object_component_ref idref="oc-1e"/>
      </symbol>
      <symbol id="sm-3c1">
         <name>C$$EXIT</name>
         <value>0x349d</value>
         <object_component_ref idref="oc-70"/>
      </symbol>
      <symbol id="sm-3c2">
         <name>abort</name>
         <value>0x34a1</value>
         <object_component_ref idref="oc-70"/>
      </symbol>
      <symbol id="sm-3c3">
         <name>exit</name>
         <value>0x34a9</value>
         <object_component_ref idref="oc-70"/>
      </symbol>
      <symbol id="sm-3c4">
         <name>__TI_dtors_ptr</name>
         <value>0x20002208</value>
         <object_component_ref idref="oc-ea"/>
      </symbol>
      <symbol id="sm-3c5">
         <name>__TI_cleanup_ptr</name>
         <value>0x20002204</value>
         <object_component_ref idref="oc-ea"/>
      </symbol>
      <symbol id="sm-3e0">
         <name>memcpy</name>
         <value>0x3211</value>
         <object_component_ref idref="oc-39"/>
      </symbol>
      <symbol id="sm-3e1">
         <name>__aeabi_memcpy</name>
         <value>0x3211</value>
         <object_component_ref idref="oc-39"/>
      </symbol>
      <symbol id="sm-3e2">
         <name>__aeabi_memcpy8</name>
         <value>0x3211</value>
         <object_component_ref idref="oc-39"/>
      </symbol>
      <symbol id="sm-3e3">
         <name>__aeabi_memcpy4</name>
         <value>0x3211</value>
         <object_component_ref idref="oc-39"/>
      </symbol>
      <symbol id="sm-3f2">
         <name>__aeabi_memset</name>
         <value>0x32af</value>
         <object_component_ref idref="oc-52"/>
      </symbol>
      <symbol id="sm-3f3">
         <name>memset</name>
         <value>0x32b5</value>
         <object_component_ref idref="oc-52"/>
      </symbol>
      <symbol id="sm-3f4">
         <name>__aeabi_memset8</name>
         <value>0x32af</value>
         <object_component_ref idref="oc-52"/>
      </symbol>
      <symbol id="sm-3f5">
         <name>__aeabi_memset4</name>
         <value>0x32af</value>
         <object_component_ref idref="oc-52"/>
      </symbol>
      <symbol id="sm-3f6">
         <name>__aeabi_memclr8</name>
         <value>0x32ad</value>
         <object_component_ref idref="oc-52"/>
      </symbol>
      <symbol id="sm-3f7">
         <name>__aeabi_memclr4</name>
         <value>0x32ad</value>
         <object_component_ref idref="oc-52"/>
      </symbol>
      <symbol id="sm-3f8">
         <name>__aeabi_memclr</name>
         <value>0x32ad</value>
         <object_component_ref idref="oc-52"/>
      </symbol>
      <symbol id="sm-402">
         <name>_system_pre_init</name>
         <value>0x3591</value>
         <object_component_ref idref="oc-5e"/>
      </symbol>
      <symbol id="sm-40a">
         <name>main_func_sp</name>
         <value>0x2000220c</value>
         <object_component_ref idref="oc-76"/>
      </symbol>
      <symbol id="sm-418">
         <name>strcpy</name>
         <value>0x353d</value>
         <object_component_ref idref="oc-9a"/>
      </symbol>
      <symbol id="sm-426">
         <name>strlen</name>
         <value>0x3551</value>
         <object_component_ref idref="oc-f4"/>
      </symbol>
      <symbol id="sm-436">
         <name>strncpy</name>
         <value>0x34e1</value>
         <object_component_ref idref="oc-8d"/>
      </symbol>
      <symbol id="sm-44f">
         <name>_nop</name>
         <value>0x3537</value>
         <object_component_ref idref="oc-12c"/>
      </symbol>
      <symbol id="sm-450">
         <name>_lock</name>
         <value>0x200021fc</value>
         <object_component_ref idref="oc-e7"/>
      </symbol>
      <symbol id="sm-451">
         <name>_unlock</name>
         <value>0x20002200</value>
         <object_component_ref idref="oc-e7"/>
      </symbol>
      <symbol id="sm-452">
         <name>_register_lock</name>
         <value>0x352f</value>
         <object_component_ref idref="oc-12c"/>
      </symbol>
      <symbol id="sm-453">
         <name>_register_unlock</name>
         <value>0x3529</value>
         <object_component_ref idref="oc-12c"/>
      </symbol>
      <symbol id="sm-468">
         <name>_args_main</name>
         <value>0x3511</value>
         <object_component_ref idref="oc-6a"/>
      </symbol>
      <symbol id="sm-48e">
         <name>__TI_auto_init</name>
         <value>0x3329</value>
         <object_component_ref idref="oc-64"/>
      </symbol>
      <symbol id="sm-4a8">
         <name>copy_in</name>
         <value>0x3451</value>
         <object_component_ref idref="oc-dd"/>
      </symbol>
      <symbol id="sm-4a9">
         <name>__TI_static_base__</name>
         <value>0x0</value>
      </symbol>
      <symbol id="sm-4ac">
         <name>SHT$$INIT_ARRAY$$Limit</name>
         <value>0x0</value>
      </symbol>
      <symbol id="sm-4ad">
         <name>SHT$$INIT_ARRAY$$Base</name>
         <value>0x0</value>
      </symbol>
   </symbol_table>
   <title>Link successful</title>
</link_info>
